
> ar-studio@0.0.0 build
> tsc -b && vite build

[36mvite v7.3.1 [32mbuilding client environment for production...[36m[39m
transforming...
[32m✓[39m 3059 modules transformed.
rendering chunks...
[33m[plugin vite:reporter] 
(!) C:/Users/Mami/Downloads/eadweqweqw/ar-studio/src/lib/supabase.ts is dynamically imported by C:/Users/Mami/Downloads/eadweqweqw/ar-studio/src/pages/Editor/components/Sidebar.tsx but also statically imported by C:/Users/Mami/Downloads/eadweqweqw/ar-studio/src/pages/Viewer/index.tsx, C:/Users/Mami/Downloads/eadweqweqw/ar-studio/src/store/sceneStore.ts, dynamic import will not move module into another chunk.
[39m
computing gzip size...
[2mdist/[22m[32mindex.html                       [39m[1m[2m    0.46 kB[22m[1m[22m[2m │ gzip:   0.29 kB[22m
[2mdist/[22m[35massets/index-C1121I7G.css        [39m[1m[2m   45.00 kB[22m[1m[22m[2m │ gzip:   7.57 kB[22m
[2mdist/[22m[36massets/office_small-BStFvcdU.js  [39m[1m[2m   97.84 kB[22m[1m[22m[2m │ gzip:  37.50 kB[22m
[2mdist/[22m[36massets/meeting_room-COtFIOij.js  [39m[1m[2m  409.87 kB[22m[1m[22m[2m │ gzip: 142.60 kB[22m
[2mdist/[22m[36massets/office_large-DoJFWIAy.js  [39m[1m[33m  548.70 kB[39m[22m[2m │ gzip: 199.40 kB[22m
[2mdist/[22m[36massets/emulate-AXD_plcy.js       [39m[1m[33m1,310.48 kB[39m[22m[2m │ gzip: 339.12 kB[22m
[2mdist/[22m[36massets/living_room-CVCYIB7e.js   [39m[1m[33m1,500.39 kB[39m[22m[2m │ gzip: 516.29 kB[22m
[2mdist/[22m[36massets/index-ndS2FZMA.js         [39m[1m[33m1,831.67 kB[39m[22m[2m │ gzip: 524.67 kB[22m
[2mdist/[22m[36massets/music_room-DAOruTFO.js    [39m[1m[33m2,087.28 kB[39m[22m[2m │ gzip: 715.05 kB[22m
[33m
(!) Some chunks are larger than 500 kB after minification. Consider:
- Using dynamic import() to code-split the application
- Use build.rollupOptions.output.manualChunks to improve chunking: https://rollupjs.org/configuration-options/#output-manualchunks
- Adjust chunk size limit for this warning via build.chunkSizeWarningLimit.[39m
[32m✓ built in 32.46s[39m
